******************************************************************************
                  TI ARM Linker PC v5.0.1                      
******************************************************************************
>> Linked Thu Jun 06 04:26:51 2013

OUTPUT FILE NAME:   <Braillearn.out>
ENTRY POINT SYMBOL: "_c_int00"  address: 0000157d


MEMORY CONFIGURATION

         name            origin    length      used     unused   attr    fill
----------------------  --------  ---------  --------  --------  ----  --------
  FLASH                 00000000   00040000  00001fae  0003e052  R  X
  SRAM                  20000000   00008000  00000d61  0000729f  RW X


SEGMENT ALLOCATION MAP

run origin  load origin   length   init length attrs members
----------  ----------- ---------- ----------- ----- -------
00000000    00000000    00001fb0   00001fb0    r-x
  00000000    00000000    0000026c   0000026c    r-- .intvecs
  0000026c    0000026c    00001912   00001912    r-x .text
  00001b80    00001b80    000003f8   000003f8    r-- .const
  00001f78    00001f78    00000038   00000038    r-- .cinit
20000000    20000000    00000d40   00000000    rw-
  20000000    20000000    00000940   00000000    rw- .bss
  20000940    20000940    00000400   00000000    rw- .stack
20000d40    20000d40    00000021   00000021    rw-
  20000d40    20000d40    00000021   00000021    rw- .data


SECTION ALLOCATION MAP

 output                                  attributes/
section   page    origin      length       input sections
--------  ----  ----------  ----------   ----------------
.intvecs   0    00000000    0000026c     
                  00000000    0000026c     startup_ccs.obj (.intvecs)

.init_array 
*          0    00000000    00000000     UNINITIALIZED

.text      0    0000026c    00001912     
                  0000026c    00000280     Control.obj (.text:NotesState)
                  000004ec    000001b4     Control.obj (.text:MenuState)
                  000006a0    00000144     Control.obj (.text:ReadState)
                  000007e4    0000013c     driverlib-cm4f.lib : sysctl.obj (.text:SysCtlClockSet)
                  00000920    000000e0     main.obj (.text:main)
                  00000a00    000000d8     Control.obj (.text:LearnState)
                  00000ad8    000000c8     driverlib-cm4f.lib : gpio.obj (.text:GPIOPadConfigSet)
                  00000ba0    000000b8     Control.obj (.text:CntlTask)
                  00000c58    000000b0     UART.obj (.text:UARTInit)
                  00000d08    0000009c     Control.obj (.text:FindNextFile)
                  00000da4    0000009c     rtsv7M4_T_le_v4SPD16_eabi.lib : memcpy_t2.obj (.text)
                  00000e40    00000098     driverlib-cm4f.lib : flash.obj (.text:FlashProgram)
                  00000ed8    00000094     rtsv7M4_T_le_v4SPD16_eabi.lib : auto_init.obj (.text)
                  00000f6c    00000090     Display.obj (.text:DisplayTask)
                  00000ffc    00000084     UART.obj (.text:UARTTask)
                  00001080    00000078     SPI.obj (.text:SPIInit)
                  000010f8    00000070     Control.obj (.text:ChatState)
                  00001168    00000070     UART.obj (.text:UARTIntHandler)
                  000011d8    0000006c     Key.obj (.text:KeyScan)
                  00001244    0000006c     SPI.obj (.text:SPISendLine)
                  000012b0    00000068     Key.obj (.text:KeyTask)
                  00001318    00000064     driverlib-cm4f.lib : interrupt.obj (.text:IntEnable)
                  0000137c    00000060     Control.obj (.text:CntlInit)
                  000013dc    0000005e     rtsv7M4_T_le_v4SPD16_eabi.lib : copy_decompress_rle.obj (.text)
                  0000143a    00000002     startup_ccs.obj (.text:FaultISR)
                  0000143c    00000058     Key.obj (.text:KeyInit)
                  00001494    00000058     driverlib-cm4f.lib : sysctl.obj (.text:SysCtlPeripheralEnable)
                  000014ec    00000048                        : gpio.obj (.text:GPIOPinConfigure)
                  00001534    00000048     SPI.obj (.text:SPISendChar)
                  0000157c    00000048     rtsv7M4_T_le_v4SPD16_eabi.lib : boot.obj (.text)
                  000015c4    00000044     SPI.obj (.text:SPIIntHandler)
                  00001608    00000044     rtsv7M4_T_le_v4SPD16_eabi.lib : cpy_tbl.obj (.text)
                  0000164c    00000042     driverlib-cm4f.lib : uart.obj (.text:UARTConfigSetExpClk)
                  0000168e    00000002     startup_ccs.obj (.text:IntDefaultHandler)
                  00001690    00000040     UART.obj (.text:UARTSend)
                  000016d0    00000040     UART.obj (.text:UART_Welcome)
                  00001710    00000040     rtsv7M4_T_le_v4SPD16_eabi.lib : exit.obj (.text)
                  00001750    0000003c     FileIO.obj (.text:FileInit)
                  0000178c    0000003c     main.obj (.text:Timer0IntHandler)
                  000017c8    00000038     Control.obj (.text:GetNextFile)
                  00001800    00000034     Display.obj (.text:DisplayUpdate)
                  00001834    00000034     driverlib-cm4f.lib : flash.obj (.text:FlashErase)
                  00001868    00000034     Key.obj (.text:GetKey)
                  0000189c    0000002e     driverlib-cm4f.lib : gpio.obj (.text:GPIODirModeSet)
                  000018ca    00000002     startup_ccs.obj (.text:NmiSR)
                  000018cc    0000002c     Control.obj (.text:InitTmpVars)
                  000018f8    0000002c     Key.obj (.text:IsCntlKey)
                  00001924    00000028     Display.obj (.text:DisplayInit)
                  0000194c    00000028     driverlib-cm4f.lib : timer.obj (.text:TimerConfigure)
                  00001974    00000024     Display.obj (.text:DisplayAppendChar)
                  00001998    00000022     FileIO.obj (.text:FileUpdate)
                  000019ba    00000002     --HOLE-- [fill = 0]
                  000019bc    00000020     Display.obj (.text:DisplayClear)
                  000019dc    0000001c     driverlib-cm4f.lib : uart.obj (.text:UARTDisable)
                  000019f8    0000001c     UART.obj (.text:UARTGetBuffer)
                  00001a14    00000018     Display.obj (.text:DisplayBlinkMiss)
                  00001a2c    00000018     rtsv7M4_T_le_v4SPD16_eabi.lib : args_main.obj (.text)
                  00001a44    00000014     driverlib-cm4f.lib : uart.obj (.text:UARTEnable)
                  00001a58    00000014     rtsv7M4_T_le_v4SPD16_eabi.lib : _lock.obj (.text)
                  00001a6c    00000012     driverlib-cm4f.lib : gpio.obj (.text:GPIOPinTypeGPIOInput)
                  00001a7e    00000012                        : gpio.obj (.text:GPIOPinTypeGPIOOutput)
                  00001a90    00000012                        : gpio.obj (.text:GPIOPinTypeUART)
                  00001aa2    00000012                        : timer.obj (.text:TimerLoadSet)
                  00001ab4    00000012     rtsv7M4_T_le_v4SPD16_eabi.lib : copy_zero_init.obj (.text:decompress:ZI)
                  00001ac6    00000002     --HOLE-- [fill = 0]
                  00001ac8    00000010     driverlib-cm4f.lib : fpu.obj (.text:FPUEnable)
                  00001ad8    00000010                        : fpu.obj (.text:FPULazyStackingEnable)
                  00001ae8    0000000e                        : timer.obj (.text:TimerEnable)
                  00001af6    0000000e     rtsv7M4_T_le_v4SPD16_eabi.lib : copy_decompress_none.obj (.text:decompress:none)
                  00001b04    0000000c     driverlib-cm4f.lib : cpu.obj (.text:CPUcpsie)
                  00001b10    0000000a                        : gpio.obj (.text:GPIOPinRead)
                  00001b1a    0000000a                        : gpio.obj (.text:GPIOPinWrite)
                  00001b24    0000000a                        : interrupt.obj (.text:IntMasterEnable)
                  00001b2e    0000000a                        : uart.obj (.text:UARTCharPut)
                  00001b38    0000000a                        : uart.obj (.text:UARTFIFOEnable)
                  00001b42    0000000a                        : uart.obj (.text:UARTIntDisable)
                  00001b4c    00000008                        : timer.obj (.text:TimerIntEnable)
                  00001b54    00000008                        : uart.obj (.text:UARTIntEnable)
                  00001b5c    00000006     startup_ccs.obj (.text:ResetISR)
                  00001b62    00000006     driverlib-cm4f.lib : sysctl.obj (.text:SysCtlDelay)
                  00001b68    00000006                        : uart.obj (.text:UARTClockSourceSet)
                  00001b6e    00000006                        : uart.obj (.text:UARTFIFOLevelSet)
                  00001b74    00000006     rtsv7M4_T_le_v4SPD16_eabi.lib : copy_decompress_rle.obj (.text:decompress:rle24)
                  00001b7a    00000004     driverlib-cm4f.lib : timer.obj (.text:TimerIntClear)

.const     0    00001b80    000003f8     
                  00001b80    00000168     UART.obj (.const:menuStr)
                  00001ce8    00000100     Key.obj (.const:.string:UBrailleLookup)
                  00001de8    00000078     driverlib-cm4f.lib : gpio.obj (.const:g_pulGPIOBaseAddrs)
                  00001e60    00000070                        : interrupt.obj (.const)
                  00001ed0    00000068     Control.obj (.const:.string:learnString)
                  00001f38    00000040     driverlib-cm4f.lib : sysctl.obj (.const)

.cinit     0    00001f78    00000038     
                  00001f78    0000000f     (.cinit..data.load) [load image, compression = rle]
                  00001f87    00000001     --HOLE-- [fill = 0]
                  00001f88    0000000c     (__TI_handler_table)
                  00001f94    00000004     --HOLE-- [fill = 0]
                  00001f98    00000008     (.cinit..bss.load) [load image, compression = zero_init]
                  00001fa0    00000010     (__TI_cinit_table)

.bss       0    20000000    00000940     UNINITIALIZED
                  20000000    000004b0     Control.obj (.bss:fileLookupTable)
                  200004b0    00000400     Control.obj (.bss:tmpFileData)
                  200008b0    00000048     Control.obj (.bss)
                  200008f8    00000033     UART.obj (.bss)
                  2000092b    00000012     Display.obj (.bss)
                  2000093d    00000001     --HOLE--
                  2000093e    00000002     Key.obj (.bss)

.stack     0    20000940    00000400     UNINITIALIZED
                  20000940    00000400     --HOLE--

.data      0    20000d40    00000021     
                  20000d40    00000008     rtsv7M4_T_le_v4SPD16_eabi.lib : _lock.obj (.data)
                  20000d48    00000008                                   : exit.obj (.data)
                  20000d50    00000004     Control.obj (.data)
                  20000d54    00000004     rtsv7M4_T_le_v4SPD16_eabi.lib : stkdepth_vars.obj (.data)
                  20000d58    00000003     Key.obj (.data)
                  20000d5b    00000001     --HOLE--
                  20000d5c    00000001     UART.obj (.data)
                  20000d5d    00000003     --HOLE--
                  20000d60    00000001     main.obj (.data)


LINKER GENERATED COPY TABLES

__TI_cinit_table @ 00001fa0 records: 2, size/record: 8, table size: 16
	.data: load addr=00001f78, load size=0000000f bytes, run addr=20000d40, run size=00000021 bytes, compression=rle
	.bss: load addr=00001f98, load size=00000008 bytes, run addr=20000000, run size=00000940 bytes, compression=zero_init


LINKER GENERATED HANDLER TABLE

__TI_handler_table @ 00001f88 records: 3, size/record: 4, table size: 12
	index: 0, handler: __TI_decompress_rle24
	index: 1, handler: __TI_decompress_none
	index: 2, handler: __TI_zero_init


GLOBAL SYMBOLS: SORTED ALPHABETICALLY BY Name 

address    name
--------   ----
20000935   BrailleBuffer
20000933   BufferIndex
00001711   C$$EXIT
00001b05   CPUcpsie
0000137d   CntlInit
00000ba1   CntlTask
00001975   DisplayAppendChar
00001a15   DisplayBlinkMiss
2000092b   DisplayBuffer
000019bd   DisplayClear
00001925   DisplayInit
00000f6d   DisplayTask
00001801   DisplayUpdate
00001ac9   FPUEnable
00001ad9   FPULazyStackingEnable
00001751   FileInit
00001999   FileUpdate
00000d09   FindNextFile
00001835   FlashErase
00000e41   FlashProgram
0000189d   GPIODirModeSet
00000ad9   GPIOPadConfigSet
000014ed   GPIOPinConfigure
00001b11   GPIOPinRead
00001a6d   GPIOPinTypeGPIOInput
00001a7f   GPIOPinTypeGPIOOutput
00001a91   GPIOPinTypeUART
00001b1b   GPIOPinWrite
00001869   GetKey
000018cd   InitTmpVars
00001319   IntEnable
00001b25   IntMasterEnable
000018f9   IsCntlKey
0000143d   KeyInit
000012b1   KeyTask
00001b5d   ResetISR
UNDEFED    SHT$$INIT_ARRAY$$Base
UNDEFED    SHT$$INIT_ARRAY$$Limit
00001081   SPIInit
000015c5   SPIIntHandler
00001535   SPISendChar
00001245   SPISendLine
000007e5   SysCtlClockSet
00001b63   SysCtlDelay
00001495   SysCtlPeripheralEnable
0000178d   Timer0IntHandler
0000194d   TimerConfigure
00001ae9   TimerEnable
00001b7b   TimerIntClear
00001b4d   TimerIntEnable
00001aa3   TimerLoadSet
00001b2f   UARTCharPut
00001b69   UARTClockSourceSet
0000164d   UARTConfigSetExpClk
000019dd   UARTDisable
00001a45   UARTEnable
00001b39   UARTFIFOEnable
00001b6f   UARTFIFOLevelSet
000019f9   UARTGetBuffer
00000c59   UARTInit
00001b43   UARTIntDisable
00001b55   UARTIntEnable
00001169   UARTIntHandler
00001691   UARTSend
00000ffd   UARTTask
000016d1   UART_Welcome
00001ce8   UBrailleLookup
20000934   UpdateDisplay
20000d40   __STACK_END
00000400   __STACK_SIZE
20000a40   __STACK_TOP
00001fa0   __TI_CINIT_Base
00001fb0   __TI_CINIT_Limit
00001f88   __TI_Handler_Table_Base
00001f94   __TI_Handler_Table_Limit
00000001   __TI_args_main
00000ed9   __TI_auto_init
00001af7   __TI_decompress_none
00001b75   __TI_decompress_rle24
00000000   __TI_static_base__
00001ab5   __TI_zero_init
00000da5   __aeabi_memcpy
00000da5   __aeabi_memcpy4
00000da5   __aeabi_memcpy8
ffffffff   __binit__
ffffffff   __c_args__
20000940   __stack
00001a2d   _args_main
0000157d   _c_int00
20000d48   _cleanup_ptr
20000d4c   _dtors_ptr
20000d40   _lock
00001a67   _nop
00001a5f   _register_lock
00001a59   _register_unlock
20000d44   _unlock
00001715   abort
ffffffff   binit
00001609   copy_in
0000171d   exit
00000000   g_pfnVectors
00000921   main
20000d54   main_func_sp
00000da5   memcpy
00001b80   menuStr
20000d60   tickFlag


GLOBAL SYMBOLS: SORTED BY Symbol Address 

address    name
--------   ----
00000000   __TI_static_base__
00000000   g_pfnVectors
00000001   __TI_args_main
00000400   __STACK_SIZE
000007e5   SysCtlClockSet
00000921   main
00000ad9   GPIOPadConfigSet
00000ba1   CntlTask
00000c59   UARTInit
00000d09   FindNextFile
00000da5   __aeabi_memcpy
00000da5   __aeabi_memcpy4
00000da5   __aeabi_memcpy8
00000da5   memcpy
00000e41   FlashProgram
00000ed9   __TI_auto_init
00000f6d   DisplayTask
00000ffd   UARTTask
00001081   SPIInit
00001169   UARTIntHandler
00001245   SPISendLine
000012b1   KeyTask
00001319   IntEnable
0000137d   CntlInit
0000143d   KeyInit
00001495   SysCtlPeripheralEnable
000014ed   GPIOPinConfigure
00001535   SPISendChar
0000157d   _c_int00
000015c5   SPIIntHandler
00001609   copy_in
0000164d   UARTConfigSetExpClk
00001691   UARTSend
000016d1   UART_Welcome
00001711   C$$EXIT
00001715   abort
0000171d   exit
00001751   FileInit
0000178d   Timer0IntHandler
00001801   DisplayUpdate
00001835   FlashErase
00001869   GetKey
0000189d   GPIODirModeSet
000018cd   InitTmpVars
000018f9   IsCntlKey
00001925   DisplayInit
0000194d   TimerConfigure
00001975   DisplayAppendChar
00001999   FileUpdate
000019bd   DisplayClear
000019dd   UARTDisable
000019f9   UARTGetBuffer
00001a15   DisplayBlinkMiss
00001a2d   _args_main
00001a45   UARTEnable
00001a59   _register_unlock
00001a5f   _register_lock
00001a67   _nop
00001a6d   GPIOPinTypeGPIOInput
00001a7f   GPIOPinTypeGPIOOutput
00001a91   GPIOPinTypeUART
00001aa3   TimerLoadSet
00001ab5   __TI_zero_init
00001ac9   FPUEnable
00001ad9   FPULazyStackingEnable
00001ae9   TimerEnable
00001af7   __TI_decompress_none
00001b05   CPUcpsie
00001b11   GPIOPinRead
00001b1b   GPIOPinWrite
00001b25   IntMasterEnable
00001b2f   UARTCharPut
00001b39   UARTFIFOEnable
00001b43   UARTIntDisable
00001b4d   TimerIntEnable
00001b55   UARTIntEnable
00001b5d   ResetISR
00001b63   SysCtlDelay
00001b69   UARTClockSourceSet
00001b6f   UARTFIFOLevelSet
00001b75   __TI_decompress_rle24
00001b7b   TimerIntClear
00001b80   menuStr
00001ce8   UBrailleLookup
00001f88   __TI_Handler_Table_Base
00001f94   __TI_Handler_Table_Limit
00001fa0   __TI_CINIT_Base
00001fb0   __TI_CINIT_Limit
2000092b   DisplayBuffer
20000933   BufferIndex
20000934   UpdateDisplay
20000935   BrailleBuffer
20000940   __stack
20000a40   __STACK_TOP
20000d40   __STACK_END
20000d40   _lock
20000d44   _unlock
20000d48   _cleanup_ptr
20000d4c   _dtors_ptr
20000d54   main_func_sp
20000d60   tickFlag
ffffffff   __binit__
ffffffff   __c_args__
ffffffff   binit
UNDEFED    SHT$$INIT_ARRAY$$Base
UNDEFED    SHT$$INIT_ARRAY$$Limit

[106 symbols]
