******************************************************************************
                  TI ARM Linker PC v5.0.1                      
******************************************************************************
>> Linked Mon Jun 03 22:46:41 2013

OUTPUT FILE NAME:   <Braillearn.out>
ENTRY POINT SYMBOL: "_c_int00"  address: 00001471


MEMORY CONFIGURATION

         name            origin    length      used     unused   attr    fill
----------------------  --------  ---------  --------  --------  ----  --------
  FLASH                 00000000   00040000  00001ea2  0003e15e  R  X
  SRAM                  20000000   00008000  00000d61  0000729f  RW X


SEGMENT ALLOCATION MAP

run origin  load origin   length   init length attrs members
----------  ----------- ---------- ----------- ----- -------
00000000    00000000    00001ea8   00001ea8    r-x
  00000000    00000000    0000026c   0000026c    r-- .intvecs
  0000026c    0000026c    00001806   00001806    r-x .text
  00001a74    00001a74    000003f8   000003f8    r-- .const
  00001e70    00001e70    00000038   00000038    r-- .cinit
20000000    20000000    00000d40   00000000    rw-
  20000000    20000000    00000940   00000000    rw- .bss
  20000940    20000940    00000400   00000000    rw- .stack
20000d40    20000d40    00000021   00000021    rw-
  20000d40    20000d40    00000021   00000021    rw- .data


SECTION ALLOCATION MAP

 output                                  attributes/
section   page    origin      length       input sections
--------  ----  ----------  ----------   ----------------
.intvecs   0    00000000    0000026c     
                  00000000    0000026c     startup_ccs.obj (.intvecs)

.init_array 
*          0    00000000    00000000     UNINITIALIZED

.text      0    0000026c    00001806     
                  0000026c    0000027c     Control.obj (.text:NotesState)
                  000004e8    000001b4     Control.obj (.text:MenuState)
                  0000069c    0000013c     driverlib-cm4f.lib : sysctl.obj (.text:SysCtlClockSet)
                  000007d8    000000e0     main.obj (.text:main)
                  000008b8    000000d8     Control.obj (.text:ReadState)
                  00000990    000000c8     driverlib-cm4f.lib : gpio.obj (.text:GPIOPadConfigSet)
                  00000a58    000000b8     Control.obj (.text:CntlTask)
                  00000b10    000000b8     Control.obj (.text:LearnState)
                  00000bc8    000000b0     UART.obj (.text:UARTInit)
                  00000c78    0000009c     Control.obj (.text:FindNextFile)
                  00000d14    0000009c     rtsv7M4_T_le_v4SPD16_eabi.lib : memcpy_t2.obj (.text)
                  00000db0    00000098     driverlib-cm4f.lib : flash.obj (.text:FlashProgram)
                  00000e48    00000094     rtsv7M4_T_le_v4SPD16_eabi.lib : auto_init.obj (.text)
                  00000edc    00000080     Display.obj (.text:DisplayTask)
                  00000f5c    00000080     UART.obj (.text:UARTTask)
                  00000fdc    00000078     SPI.obj (.text:SPIInit)
                  00001054    00000070     Control.obj (.text:ChatState)
                  000010c4    00000070     UART.obj (.text:UARTIntHandler)
                  00001134    0000006c     Key.obj (.text:KeyScan)
                  000011a0    00000068     Key.obj (.text:KeyTask)
                  00001208    00000064     Control.obj (.text:CntlInit)
                  0000126c    00000064     driverlib-cm4f.lib : interrupt.obj (.text:IntEnable)
                  000012d0    0000005e     rtsv7M4_T_le_v4SPD16_eabi.lib : copy_decompress_rle.obj (.text)
                  0000132e    00000002     Display.obj (.text:DisplayBlinkMiss)
                  00001330    00000058     Key.obj (.text:KeyInit)
                  00001388    00000058     driverlib-cm4f.lib : sysctl.obj (.text:SysCtlPeripheralEnable)
                  000013e0    00000048                        : gpio.obj (.text:GPIOPinConfigure)
                  00001428    00000048     SPI.obj (.text:SPISendChar)
                  00001470    00000048     rtsv7M4_T_le_v4SPD16_eabi.lib : boot.obj (.text)
                  000014b8    00000044     SPI.obj (.text:SPIIntHandler)
                  000014fc    00000044     rtsv7M4_T_le_v4SPD16_eabi.lib : cpy_tbl.obj (.text)
                  00001540    00000042     driverlib-cm4f.lib : uart.obj (.text:UARTConfigSetExpClk)
                  00001582    00000002     startup_ccs.obj (.text:FaultISR)
                  00001584    00000040     UART.obj (.text:UARTSend)
                  000015c4    00000040     UART.obj (.text:UART_Welcome)
                  00001604    00000040     rtsv7M4_T_le_v4SPD16_eabi.lib : exit.obj (.text)
                  00001644    0000003c     FileIO.obj (.text:FileInit)
                  00001680    0000003c     Control.obj (.text:InitTmpVars)
                  000016bc    0000003c     main.obj (.text:Timer0IntHandler)
                  000016f8    00000038     Control.obj (.text:GetNextFile)
                  00001730    00000034     Display.obj (.text:DisplayUpdate)
                  00001764    00000034     driverlib-cm4f.lib : flash.obj (.text:FlashErase)
                  00001798    00000034     Key.obj (.text:GetKey)
                  000017cc    00000030     Display.obj (.text:DisplayInit)
                  000017fc    0000002e     driverlib-cm4f.lib : gpio.obj (.text:GPIODirModeSet)
                  0000182a    0000002c     Key.obj (.text:IsCntlKey)
                  00001856    00000002     startup_ccs.obj (.text:IntDefaultHandler)
                  00001858    00000028     driverlib-cm4f.lib : timer.obj (.text:TimerConfigure)
                  00001880    00000024     Display.obj (.text:DisplayAppendChar)
                  000018a4    00000022     SPI.obj (.text:SPISendLine)
                  000018c6    00000020     FileIO.obj (.text:FileUpdate)
                  000018e6    00000002     startup_ccs.obj (.text:NmiSR)
                  000018e8    0000001c     driverlib-cm4f.lib : uart.obj (.text:UARTDisable)
                  00001904    0000001c     UART.obj (.text:UARTGetBuffer)
                  00001920    00000018     rtsv7M4_T_le_v4SPD16_eabi.lib : args_main.obj (.text)
                  00001938    00000014     driverlib-cm4f.lib : uart.obj (.text:UARTEnable)
                  0000194c    00000014     rtsv7M4_T_le_v4SPD16_eabi.lib : _lock.obj (.text)
                  00001960    00000012     driverlib-cm4f.lib : gpio.obj (.text:GPIOPinTypeGPIOInput)
                  00001972    00000012                        : gpio.obj (.text:GPIOPinTypeGPIOOutput)
                  00001984    00000012                        : gpio.obj (.text:GPIOPinTypeUART)
                  00001996    00000012                        : timer.obj (.text:TimerLoadSet)
                  000019a8    00000012     rtsv7M4_T_le_v4SPD16_eabi.lib : copy_zero_init.obj (.text:decompress:ZI)
                  000019ba    00000002     --HOLE-- [fill = 0]
                  000019bc    00000010     driverlib-cm4f.lib : fpu.obj (.text:FPUEnable)
                  000019cc    00000010                        : fpu.obj (.text:FPULazyStackingEnable)
                  000019dc    0000000e                        : timer.obj (.text:TimerEnable)
                  000019ea    0000000e     rtsv7M4_T_le_v4SPD16_eabi.lib : copy_decompress_none.obj (.text:decompress:none)
                  000019f8    0000000c     driverlib-cm4f.lib : cpu.obj (.text:CPUcpsie)
                  00001a04    0000000a                        : gpio.obj (.text:GPIOPinRead)
                  00001a0e    0000000a                        : gpio.obj (.text:GPIOPinWrite)
                  00001a18    0000000a                        : interrupt.obj (.text:IntMasterEnable)
                  00001a22    0000000a                        : uart.obj (.text:UARTCharPut)
                  00001a2c    0000000a                        : uart.obj (.text:UARTFIFOEnable)
                  00001a36    0000000a                        : uart.obj (.text:UARTIntDisable)
                  00001a40    00000008                        : timer.obj (.text:TimerIntEnable)
                  00001a48    00000008                        : uart.obj (.text:UARTIntEnable)
                  00001a50    00000006     startup_ccs.obj (.text:ResetISR)
                  00001a56    00000006     driverlib-cm4f.lib : sysctl.obj (.text:SysCtlDelay)
                  00001a5c    00000006                        : uart.obj (.text:UARTClockSourceSet)
                  00001a62    00000006                        : uart.obj (.text:UARTFIFOLevelSet)
                  00001a68    00000006     rtsv7M4_T_le_v4SPD16_eabi.lib : copy_decompress_rle.obj (.text:decompress:rle24)
                  00001a6e    00000004     driverlib-cm4f.lib : timer.obj (.text:TimerIntClear)

.const     0    00001a74    000003f8     
                  00001a74    00000168     UART.obj (.const:menuStr)
                  00001bdc    00000100     Key.obj (.const:.string:UBrailleLookup)
                  00001cdc    00000078     driverlib-cm4f.lib : gpio.obj (.const:g_pulGPIOBaseAddrs)
                  00001d54    00000070                        : interrupt.obj (.const)
                  00001dc4    00000068     Control.obj (.const:.string:learnString)
                  00001e2c    00000040     driverlib-cm4f.lib : sysctl.obj (.const)

.cinit     0    00001e70    00000038     
                  00001e70    0000000f     (.cinit..data.load) [load image, compression = rle]
                  00001e7f    00000001     --HOLE-- [fill = 0]
                  00001e80    0000000c     (__TI_handler_table)
                  00001e8c    00000004     --HOLE-- [fill = 0]
                  00001e90    00000008     (.cinit..bss.load) [load image, compression = zero_init]
                  00001e98    00000010     (__TI_cinit_table)

.bss       0    20000000    00000940     UNINITIALIZED
                  20000000    000004b0     Control.obj (.bss:fileLookupTable)
                  200004b0    00000400     Control.obj (.bss:tmpFileData)
                  200008b0    00000048     Control.obj (.bss)
                  200008f8    00000033     UART.obj (.bss)
                  2000092b    00000012     Display.obj (.bss)
                  2000093d    00000001     --HOLE--
                  2000093e    00000002     Key.obj (.bss)

.stack     0    20000940    00000400     UNINITIALIZED
                  20000940    00000400     --HOLE--

.data      0    20000d40    00000021     
                  20000d40    00000008     rtsv7M4_T_le_v4SPD16_eabi.lib : _lock.obj (.data)
                  20000d48    00000008                                   : exit.obj (.data)
                  20000d50    00000004     Control.obj (.data)
                  20000d54    00000004     rtsv7M4_T_le_v4SPD16_eabi.lib : stkdepth_vars.obj (.data)
                  20000d58    00000003     Key.obj (.data)
                  20000d5b    00000001     --HOLE--
                  20000d5c    00000001     UART.obj (.data)
                  20000d5d    00000003     --HOLE--
                  20000d60    00000001     main.obj (.data)


LINKER GENERATED COPY TABLES

__TI_cinit_table @ 00001e98 records: 2, size/record: 8, table size: 16
	.data: load addr=00001e70, load size=0000000f bytes, run addr=20000d40, run size=00000021 bytes, compression=rle
	.bss: load addr=00001e90, load size=00000008 bytes, run addr=20000000, run size=00000940 bytes, compression=zero_init


LINKER GENERATED HANDLER TABLE

__TI_handler_table @ 00001e80 records: 3, size/record: 4, table size: 12
	index: 0, handler: __TI_decompress_rle24
	index: 1, handler: __TI_decompress_none
	index: 2, handler: __TI_zero_init


GLOBAL SYMBOLS: SORTED ALPHABETICALLY BY Name 

address    name
--------   ----
20000935   BrailleBuffer
20000933   BufferIndex
00001605   C$$EXIT
000019f9   CPUcpsie
00001209   CntlInit
00000a59   CntlTask
00001881   DisplayAppendChar
0000132f   DisplayBlinkMiss
2000092b   DisplayBuffer
000017cd   DisplayInit
00000edd   DisplayTask
00001731   DisplayUpdate
000019bd   FPUEnable
000019cd   FPULazyStackingEnable
00001645   FileInit
000018c7   FileUpdate
00000c79   FindNextFile
00001765   FlashErase
00000db1   FlashProgram
000017fd   GPIODirModeSet
00000991   GPIOPadConfigSet
000013e1   GPIOPinConfigure
00001a05   GPIOPinRead
00001961   GPIOPinTypeGPIOInput
00001973   GPIOPinTypeGPIOOutput
00001985   GPIOPinTypeUART
00001a0f   GPIOPinWrite
00001799   GetKey
000016f9   GetNextFile
00001681   InitTmpVars
0000126d   IntEnable
00001a19   IntMasterEnable
0000182b   IsCntlKey
00001331   KeyInit
000011a1   KeyTask
00001a51   ResetISR
UNDEFED    SHT$$INIT_ARRAY$$Base
UNDEFED    SHT$$INIT_ARRAY$$Limit
00000fdd   SPIInit
000014b9   SPIIntHandler
00001429   SPISendChar
000018a5   SPISendLine
0000069d   SysCtlClockSet
00001a57   SysCtlDelay
00001389   SysCtlPeripheralEnable
000016bd   Timer0IntHandler
00001859   TimerConfigure
000019dd   TimerEnable
00001a6f   TimerIntClear
00001a41   TimerIntEnable
00001997   TimerLoadSet
00001a23   UARTCharPut
00001a5d   UARTClockSourceSet
00001541   UARTConfigSetExpClk
000018e9   UARTDisable
00001939   UARTEnable
00001a2d   UARTFIFOEnable
00001a63   UARTFIFOLevelSet
00001905   UARTGetBuffer
00000bc9   UARTInit
00001a37   UARTIntDisable
00001a49   UARTIntEnable
000010c5   UARTIntHandler
00001585   UARTSend
00000f5d   UARTTask
000015c5   UART_Welcome
00001bdc   UBrailleLookup
20000934   UpdateDisplay
20000d40   __STACK_END
00000400   __STACK_SIZE
20000a40   __STACK_TOP
00001e98   __TI_CINIT_Base
00001ea8   __TI_CINIT_Limit
00001e80   __TI_Handler_Table_Base
00001e8c   __TI_Handler_Table_Limit
00000001   __TI_args_main
00000e49   __TI_auto_init
000019eb   __TI_decompress_none
00001a69   __TI_decompress_rle24
00000000   __TI_static_base__
000019a9   __TI_zero_init
00000d15   __aeabi_memcpy
00000d15   __aeabi_memcpy4
00000d15   __aeabi_memcpy8
ffffffff   __binit__
ffffffff   __c_args__
20000940   __stack
00001921   _args_main
00001471   _c_int00
20000d48   _cleanup_ptr
20000d4c   _dtors_ptr
20000d40   _lock
0000195b   _nop
00001953   _register_lock
0000194d   _register_unlock
20000d44   _unlock
00001609   abort
ffffffff   binit
000014fd   copy_in
00001611   exit
00000000   g_pfnVectors
000007d9   main
20000d54   main_func_sp
00000d15   memcpy
00001a74   menuStr
20000d60   tickFlag


GLOBAL SYMBOLS: SORTED BY Symbol Address 

address    name
--------   ----
00000000   __TI_static_base__
00000000   g_pfnVectors
00000001   __TI_args_main
00000400   __STACK_SIZE
0000069d   SysCtlClockSet
000007d9   main
00000991   GPIOPadConfigSet
00000a59   CntlTask
00000bc9   UARTInit
00000c79   FindNextFile
00000d15   __aeabi_memcpy
00000d15   __aeabi_memcpy4
00000d15   __aeabi_memcpy8
00000d15   memcpy
00000db1   FlashProgram
00000e49   __TI_auto_init
00000edd   DisplayTask
00000f5d   UARTTask
00000fdd   SPIInit
000010c5   UARTIntHandler
000011a1   KeyTask
00001209   CntlInit
0000126d   IntEnable
0000132f   DisplayBlinkMiss
00001331   KeyInit
00001389   SysCtlPeripheralEnable
000013e1   GPIOPinConfigure
00001429   SPISendChar
00001471   _c_int00
000014b9   SPIIntHandler
000014fd   copy_in
00001541   UARTConfigSetExpClk
00001585   UARTSend
000015c5   UART_Welcome
00001605   C$$EXIT
00001609   abort
00001611   exit
00001645   FileInit
00001681   InitTmpVars
000016bd   Timer0IntHandler
000016f9   GetNextFile
00001731   DisplayUpdate
00001765   FlashErase
00001799   GetKey
000017cd   DisplayInit
000017fd   GPIODirModeSet
0000182b   IsCntlKey
00001859   TimerConfigure
00001881   DisplayAppendChar
000018a5   SPISendLine
000018c7   FileUpdate
000018e9   UARTDisable
00001905   UARTGetBuffer
00001921   _args_main
00001939   UARTEnable
0000194d   _register_unlock
00001953   _register_lock
0000195b   _nop
00001961   GPIOPinTypeGPIOInput
00001973   GPIOPinTypeGPIOOutput
00001985   GPIOPinTypeUART
00001997   TimerLoadSet
000019a9   __TI_zero_init
000019bd   FPUEnable
000019cd   FPULazyStackingEnable
000019dd   TimerEnable
000019eb   __TI_decompress_none
000019f9   CPUcpsie
00001a05   GPIOPinRead
00001a0f   GPIOPinWrite
00001a19   IntMasterEnable
00001a23   UARTCharPut
00001a2d   UARTFIFOEnable
00001a37   UARTIntDisable
00001a41   TimerIntEnable
00001a49   UARTIntEnable
00001a51   ResetISR
00001a57   SysCtlDelay
00001a5d   UARTClockSourceSet
00001a63   UARTFIFOLevelSet
00001a69   __TI_decompress_rle24
00001a6f   TimerIntClear
00001a74   menuStr
00001bdc   UBrailleLookup
00001e80   __TI_Handler_Table_Base
00001e8c   __TI_Handler_Table_Limit
00001e98   __TI_CINIT_Base
00001ea8   __TI_CINIT_Limit
2000092b   DisplayBuffer
20000933   BufferIndex
20000934   UpdateDisplay
20000935   BrailleBuffer
20000940   __stack
20000a40   __STACK_TOP
20000d40   __STACK_END
20000d40   _lock
20000d44   _unlock
20000d48   _cleanup_ptr
20000d4c   _dtors_ptr
20000d54   main_func_sp
20000d60   tickFlag
ffffffff   __binit__
ffffffff   __c_args__
ffffffff   binit
UNDEFED    SHT$$INIT_ARRAY$$Base
UNDEFED    SHT$$INIT_ARRAY$$Limit

[106 symbols]
