******************************************************************************
                  TI ARM Linker PC v5.0.1                      
******************************************************************************
>> Linked Wed Jun 05 13:57:16 2013

OUTPUT FILE NAME:   <Braillearn.out>
ENTRY POINT SYMBOL: "_c_int00"  address: 000014e9


MEMORY CONFIGURATION

         name            origin    length      used     unused   attr    fill
----------------------  --------  ---------  --------  --------  ----  --------
  FLASH                 00000000   00040000  00001ef6  0003e10a  R  X
  SRAM                  20000000   00008000  00000d61  0000729f  RW X


SEGMENT ALLOCATION MAP

run origin  load origin   length   init length attrs members
----------  ----------- ---------- ----------- ----- -------
00000000    00000000    00001ef8   00001ef8    r-x
  00000000    00000000    0000026c   0000026c    r-- .intvecs
  0000026c    0000026c    0000185a   0000185a    r-x .text
  00001ac8    00001ac8    000003f8   000003f8    r-- .const
  00001ec0    00001ec0    00000038   00000038    r-- .cinit
20000000    20000000    00000d40   00000000    rw-
  20000000    20000000    00000940   00000000    rw- .bss
  20000940    20000940    00000400   00000000    rw- .stack
20000d40    20000d40    00000021   00000021    rw-
  20000d40    20000d40    00000021   00000021    rw- .data


SECTION ALLOCATION MAP

 output                                  attributes/
section   page    origin      length       input sections
--------  ----  ----------  ----------   ----------------
.intvecs   0    00000000    0000026c     
                  00000000    0000026c     startup_ccs.obj (.intvecs)

.init_array 
*          0    00000000    00000000     UNINITIALIZED

.text      0    0000026c    0000185a     
                  0000026c    0000027c     Control.obj (.text:NotesState)
                  000004e8    000001b4     Control.obj (.text:MenuState)
                  0000069c    0000013c     driverlib-cm4f.lib : sysctl.obj (.text:SysCtlClockSet)
                  000007d8    000000e0     main.obj (.text:main)
                  000008b8    000000d8     Control.obj (.text:ReadState)
                  00000990    000000cc     Control.obj (.text:LearnState)
                  00000a5c    000000c8     driverlib-cm4f.lib : gpio.obj (.text:GPIOPadConfigSet)
                  00000b24    000000b4     Control.obj (.text:CntlTask)
                  00000bd8    000000b0     UART.obj (.text:UARTInit)
                  00000c88    0000009c     Control.obj (.text:FindNextFile)
                  00000d24    0000009c     rtsv7M4_T_le_v4SPD16_eabi.lib : memcpy_t2.obj (.text)
                  00000dc0    00000098     driverlib-cm4f.lib : flash.obj (.text:FlashProgram)
                  00000e58    00000094     rtsv7M4_T_le_v4SPD16_eabi.lib : auto_init.obj (.text)
                  00000eec    00000080     Display.obj (.text:DisplayTask)
                  00000f6c    00000080     UART.obj (.text:UARTTask)
                  00000fec    00000078     SPI.obj (.text:SPIInit)
                  00001064    00000070     Control.obj (.text:ChatState)
                  000010d4    00000070     UART.obj (.text:UARTIntHandler)
                  00001144    0000006c     Key.obj (.text:KeyScan)
                  000011b0    00000068     Key.obj (.text:KeyTask)
                  00001218    00000068     SPI.obj (.text:SPISendLine)
                  00001280    00000064     Control.obj (.text:CntlInit)
                  000012e4    00000064     driverlib-cm4f.lib : interrupt.obj (.text:IntEnable)
                  00001348    0000005e     rtsv7M4_T_le_v4SPD16_eabi.lib : copy_decompress_rle.obj (.text)
                  000013a6    00000002     startup_ccs.obj (.text:FaultISR)
                  000013a8    00000058     Key.obj (.text:KeyInit)
                  00001400    00000058     driverlib-cm4f.lib : sysctl.obj (.text:SysCtlPeripheralEnable)
                  00001458    00000048                        : gpio.obj (.text:GPIOPinConfigure)
                  000014a0    00000048     SPI.obj (.text:SPISendChar)
                  000014e8    00000048     rtsv7M4_T_le_v4SPD16_eabi.lib : boot.obj (.text)
                  00001530    00000044     SPI.obj (.text:SPIIntHandler)
                  00001574    00000044     rtsv7M4_T_le_v4SPD16_eabi.lib : cpy_tbl.obj (.text)
                  000015b8    00000042     driverlib-cm4f.lib : uart.obj (.text:UARTConfigSetExpClk)
                  000015fa    00000002     startup_ccs.obj (.text:IntDefaultHandler)
                  000015fc    00000040     UART.obj (.text:UARTSend)
                  0000163c    00000040     UART.obj (.text:UART_Welcome)
                  0000167c    00000040     rtsv7M4_T_le_v4SPD16_eabi.lib : exit.obj (.text)
                  000016bc    0000003c     FileIO.obj (.text:FileInit)
                  000016f8    0000003c     Control.obj (.text:InitTmpVars)
                  00001734    0000003c     main.obj (.text:Timer0IntHandler)
                  00001770    00000038     Control.obj (.text:GetNextFile)
                  000017a8    00000034     Display.obj (.text:DisplayUpdate)
                  000017dc    00000034     driverlib-cm4f.lib : flash.obj (.text:FlashErase)
                  00001810    00000034     Key.obj (.text:GetKey)
                  00001844    00000030     Display.obj (.text:DisplayInit)
                  00001874    0000002e     driverlib-cm4f.lib : gpio.obj (.text:GPIODirModeSet)
                  000018a2    0000002c     Key.obj (.text:IsCntlKey)
                  000018ce    00000002     startup_ccs.obj (.text:NmiSR)
                  000018d0    00000028     driverlib-cm4f.lib : timer.obj (.text:TimerConfigure)
                  000018f8    00000024     Display.obj (.text:DisplayAppendChar)
                  0000191c    00000020     FileIO.obj (.text:FileUpdate)
                  0000193c    0000001c     driverlib-cm4f.lib : uart.obj (.text:UARTDisable)
                  00001958    0000001c     UART.obj (.text:UARTGetBuffer)
                  00001974    00000018     rtsv7M4_T_le_v4SPD16_eabi.lib : args_main.obj (.text)
                  0000198c    00000014     driverlib-cm4f.lib : uart.obj (.text:UARTEnable)
                  000019a0    00000014     rtsv7M4_T_le_v4SPD16_eabi.lib : _lock.obj (.text)
                  000019b4    00000012     driverlib-cm4f.lib : gpio.obj (.text:GPIOPinTypeGPIOInput)
                  000019c6    00000012                        : gpio.obj (.text:GPIOPinTypeGPIOOutput)
                  000019d8    00000012                        : gpio.obj (.text:GPIOPinTypeUART)
                  000019ea    00000012                        : timer.obj (.text:TimerLoadSet)
                  000019fc    00000012     rtsv7M4_T_le_v4SPD16_eabi.lib : copy_zero_init.obj (.text:decompress:ZI)
                  00001a0e    00000002     --HOLE-- [fill = 0]
                  00001a10    00000010     driverlib-cm4f.lib : fpu.obj (.text:FPUEnable)
                  00001a20    00000010                        : fpu.obj (.text:FPULazyStackingEnable)
                  00001a30    0000000e                        : timer.obj (.text:TimerEnable)
                  00001a3e    0000000e     rtsv7M4_T_le_v4SPD16_eabi.lib : copy_decompress_none.obj (.text:decompress:none)
                  00001a4c    0000000c     driverlib-cm4f.lib : cpu.obj (.text:CPUcpsie)
                  00001a58    0000000a                        : gpio.obj (.text:GPIOPinRead)
                  00001a62    0000000a                        : gpio.obj (.text:GPIOPinWrite)
                  00001a6c    0000000a                        : interrupt.obj (.text:IntMasterEnable)
                  00001a76    0000000a                        : uart.obj (.text:UARTCharPut)
                  00001a80    0000000a                        : uart.obj (.text:UARTFIFOEnable)
                  00001a8a    0000000a                        : uart.obj (.text:UARTIntDisable)
                  00001a94    00000008                        : timer.obj (.text:TimerIntEnable)
                  00001a9c    00000008                        : uart.obj (.text:UARTIntEnable)
                  00001aa4    00000006     startup_ccs.obj (.text:ResetISR)
                  00001aaa    00000006     driverlib-cm4f.lib : sysctl.obj (.text:SysCtlDelay)
                  00001ab0    00000006                        : uart.obj (.text:UARTClockSourceSet)
                  00001ab6    00000006                        : uart.obj (.text:UARTFIFOLevelSet)
                  00001abc    00000006     rtsv7M4_T_le_v4SPD16_eabi.lib : copy_decompress_rle.obj (.text:decompress:rle24)
                  00001ac2    00000004     driverlib-cm4f.lib : timer.obj (.text:TimerIntClear)

.const     0    00001ac8    000003f8     
                  00001ac8    00000168     UART.obj (.const:menuStr)
                  00001c30    00000100     Key.obj (.const:.string:UBrailleLookup)
                  00001d30    00000078     driverlib-cm4f.lib : gpio.obj (.const:g_pulGPIOBaseAddrs)
                  00001da8    00000070                        : interrupt.obj (.const)
                  00001e18    00000068     Control.obj (.const:.string:learnString)
                  00001e80    00000040     driverlib-cm4f.lib : sysctl.obj (.const)

.cinit     0    00001ec0    00000038     
                  00001ec0    0000000f     (.cinit..data.load) [load image, compression = rle]
                  00001ecf    00000001     --HOLE-- [fill = 0]
                  00001ed0    0000000c     (__TI_handler_table)
                  00001edc    00000004     --HOLE-- [fill = 0]
                  00001ee0    00000008     (.cinit..bss.load) [load image, compression = zero_init]
                  00001ee8    00000010     (__TI_cinit_table)

.bss       0    20000000    00000940     UNINITIALIZED
                  20000000    000004b0     Control.obj (.bss:fileLookupTable)
                  200004b0    00000400     Control.obj (.bss:tmpFileData)
                  200008b0    00000048     Control.obj (.bss)
                  200008f8    00000033     UART.obj (.bss)
                  2000092b    00000012     Display.obj (.bss)
                  2000093d    00000001     --HOLE--
                  2000093e    00000002     Key.obj (.bss)

.stack     0    20000940    00000400     UNINITIALIZED
                  20000940    00000400     --HOLE--

.data      0    20000d40    00000021     
                  20000d40    00000008     rtsv7M4_T_le_v4SPD16_eabi.lib : _lock.obj (.data)
                  20000d48    00000008                                   : exit.obj (.data)
                  20000d50    00000004     Control.obj (.data)
                  20000d54    00000004     rtsv7M4_T_le_v4SPD16_eabi.lib : stkdepth_vars.obj (.data)
                  20000d58    00000003     Key.obj (.data)
                  20000d5b    00000001     --HOLE--
                  20000d5c    00000001     UART.obj (.data)
                  20000d5d    00000003     --HOLE--
                  20000d60    00000001     main.obj (.data)


LINKER GENERATED COPY TABLES

__TI_cinit_table @ 00001ee8 records: 2, size/record: 8, table size: 16
	.data: load addr=00001ec0, load size=0000000f bytes, run addr=20000d40, run size=00000021 bytes, compression=rle
	.bss: load addr=00001ee0, load size=00000008 bytes, run addr=20000000, run size=00000940 bytes, compression=zero_init


LINKER GENERATED HANDLER TABLE

__TI_handler_table @ 00001ed0 records: 3, size/record: 4, table size: 12
	index: 0, handler: __TI_decompress_rle24
	index: 1, handler: __TI_decompress_none
	index: 2, handler: __TI_zero_init


GLOBAL SYMBOLS: SORTED ALPHABETICALLY BY Name 

address    name
--------   ----
20000935   BrailleBuffer
20000933   BufferIndex
0000167d   C$$EXIT
00001a4d   CPUcpsie
00001281   CntlInit
00000b25   CntlTask
000018f9   DisplayAppendChar
2000092b   DisplayBuffer
00001845   DisplayInit
00000eed   DisplayTask
000017a9   DisplayUpdate
00001a11   FPUEnable
00001a21   FPULazyStackingEnable
000016bd   FileInit
0000191d   FileUpdate
00000c89   FindNextFile
000017dd   FlashErase
00000dc1   FlashProgram
00001875   GPIODirModeSet
00000a5d   GPIOPadConfigSet
00001459   GPIOPinConfigure
00001a59   GPIOPinRead
000019b5   GPIOPinTypeGPIOInput
000019c7   GPIOPinTypeGPIOOutput
000019d9   GPIOPinTypeUART
00001a63   GPIOPinWrite
00001811   GetKey
00001771   GetNextFile
000016f9   InitTmpVars
000012e5   IntEnable
00001a6d   IntMasterEnable
000018a3   IsCntlKey
000013a9   KeyInit
000011b1   KeyTask
00001aa5   ResetISR
UNDEFED    SHT$$INIT_ARRAY$$Base
UNDEFED    SHT$$INIT_ARRAY$$Limit
00000fed   SPIInit
00001531   SPIIntHandler
000014a1   SPISendChar
00001219   SPISendLine
0000069d   SysCtlClockSet
00001aab   SysCtlDelay
00001401   SysCtlPeripheralEnable
00001735   Timer0IntHandler
000018d1   TimerConfigure
00001a31   TimerEnable
00001ac3   TimerIntClear
00001a95   TimerIntEnable
000019eb   TimerLoadSet
00001a77   UARTCharPut
00001ab1   UARTClockSourceSet
000015b9   UARTConfigSetExpClk
0000193d   UARTDisable
0000198d   UARTEnable
00001a81   UARTFIFOEnable
00001ab7   UARTFIFOLevelSet
00001959   UARTGetBuffer
00000bd9   UARTInit
00001a8b   UARTIntDisable
00001a9d   UARTIntEnable
000010d5   UARTIntHandler
000015fd   UARTSend
00000f6d   UARTTask
0000163d   UART_Welcome
00001c30   UBrailleLookup
20000934   UpdateDisplay
20000d40   __STACK_END
00000400   __STACK_SIZE
20000a40   __STACK_TOP
00001ee8   __TI_CINIT_Base
00001ef8   __TI_CINIT_Limit
00001ed0   __TI_Handler_Table_Base
00001edc   __TI_Handler_Table_Limit
00000001   __TI_args_main
00000e59   __TI_auto_init
00001a3f   __TI_decompress_none
00001abd   __TI_decompress_rle24
00000000   __TI_static_base__
000019fd   __TI_zero_init
00000d25   __aeabi_memcpy
00000d25   __aeabi_memcpy4
00000d25   __aeabi_memcpy8
ffffffff   __binit__
ffffffff   __c_args__
20000940   __stack
00001975   _args_main
000014e9   _c_int00
20000d48   _cleanup_ptr
20000d4c   _dtors_ptr
20000d40   _lock
000019af   _nop
000019a7   _register_lock
000019a1   _register_unlock
20000d44   _unlock
00001681   abort
ffffffff   binit
00001575   copy_in
00001689   exit
00000000   g_pfnVectors
000007d9   main
20000d54   main_func_sp
00000d25   memcpy
00001ac8   menuStr
20000d60   tickFlag


GLOBAL SYMBOLS: SORTED BY Symbol Address 

address    name
--------   ----
00000000   __TI_static_base__
00000000   g_pfnVectors
00000001   __TI_args_main
00000400   __STACK_SIZE
0000069d   SysCtlClockSet
000007d9   main
00000a5d   GPIOPadConfigSet
00000b25   CntlTask
00000bd9   UARTInit
00000c89   FindNextFile
00000d25   __aeabi_memcpy
00000d25   __aeabi_memcpy4
00000d25   __aeabi_memcpy8
00000d25   memcpy
00000dc1   FlashProgram
00000e59   __TI_auto_init
00000eed   DisplayTask
00000f6d   UARTTask
00000fed   SPIInit
000010d5   UARTIntHandler
000011b1   KeyTask
00001219   SPISendLine
00001281   CntlInit
000012e5   IntEnable
000013a9   KeyInit
00001401   SysCtlPeripheralEnable
00001459   GPIOPinConfigure
000014a1   SPISendChar
000014e9   _c_int00
00001531   SPIIntHandler
00001575   copy_in
000015b9   UARTConfigSetExpClk
000015fd   UARTSend
0000163d   UART_Welcome
0000167d   C$$EXIT
00001681   abort
00001689   exit
000016bd   FileInit
000016f9   InitTmpVars
00001735   Timer0IntHandler
00001771   GetNextFile
000017a9   DisplayUpdate
000017dd   FlashErase
00001811   GetKey
00001845   DisplayInit
00001875   GPIODirModeSet
000018a3   IsCntlKey
000018d1   TimerConfigure
000018f9   DisplayAppendChar
0000191d   FileUpdate
0000193d   UARTDisable
00001959   UARTGetBuffer
00001975   _args_main
0000198d   UARTEnable
000019a1   _register_unlock
000019a7   _register_lock
000019af   _nop
000019b5   GPIOPinTypeGPIOInput
000019c7   GPIOPinTypeGPIOOutput
000019d9   GPIOPinTypeUART
000019eb   TimerLoadSet
000019fd   __TI_zero_init
00001a11   FPUEnable
00001a21   FPULazyStackingEnable
00001a31   TimerEnable
00001a3f   __TI_decompress_none
00001a4d   CPUcpsie
00001a59   GPIOPinRead
00001a63   GPIOPinWrite
00001a6d   IntMasterEnable
00001a77   UARTCharPut
00001a81   UARTFIFOEnable
00001a8b   UARTIntDisable
00001a95   TimerIntEnable
00001a9d   UARTIntEnable
00001aa5   ResetISR
00001aab   SysCtlDelay
00001ab1   UARTClockSourceSet
00001ab7   UARTFIFOLevelSet
00001abd   __TI_decompress_rle24
00001ac3   TimerIntClear
00001ac8   menuStr
00001c30   UBrailleLookup
00001ed0   __TI_Handler_Table_Base
00001edc   __TI_Handler_Table_Limit
00001ee8   __TI_CINIT_Base
00001ef8   __TI_CINIT_Limit
2000092b   DisplayBuffer
20000933   BufferIndex
20000934   UpdateDisplay
20000935   BrailleBuffer
20000940   __stack
20000a40   __STACK_TOP
20000d40   __STACK_END
20000d40   _lock
20000d44   _unlock
20000d48   _cleanup_ptr
20000d4c   _dtors_ptr
20000d54   main_func_sp
20000d60   tickFlag
ffffffff   __binit__
ffffffff   __c_args__
ffffffff   binit
UNDEFED    SHT$$INIT_ARRAY$$Base
UNDEFED    SHT$$INIT_ARRAY$$Limit

[105 symbols]
