******************************************************************************
                  TI ARM Linker PC v5.0.1                      
******************************************************************************
>> Linked Wed Jun 05 15:17:33 2013

OUTPUT FILE NAME:   <Braillearn.out>
ENTRY POINT SYMBOL: "_c_int00"  address: 00001519


MEMORY CONFIGURATION

         name            origin    length      used     unused   attr    fill
----------------------  --------  ---------  --------  --------  ----  --------
  FLASH                 00000000   00040000  00001f32  0003e0ce  R  X
  SRAM                  20000000   00008000  00000d61  0000729f  RW X


SEGMENT ALLOCATION MAP

run origin  load origin   length   init length attrs members
----------  ----------- ---------- ----------- ----- -------
00000000    00000000    00001f38   00001f38    r-x
  00000000    00000000    0000026c   0000026c    r-- .intvecs
  0000026c    0000026c    00001896   00001896    r-x .text
  00001b04    00001b04    000003f8   000003f8    r-- .const
  00001f00    00001f00    00000038   00000038    r-- .cinit
20000000    20000000    00000d40   00000000    rw-
  20000000    20000000    00000940   00000000    rw- .bss
  20000940    20000940    00000400   00000000    rw- .stack
20000d40    20000d40    00000021   00000021    rw-
  20000d40    20000d40    00000021   00000021    rw- .data


SECTION ALLOCATION MAP

 output                                  attributes/
section   page    origin      length       input sections
--------  ----  ----------  ----------   ----------------
.intvecs   0    00000000    0000026c     
                  00000000    0000026c     startup_ccs.obj (.intvecs)

.init_array 
*          0    00000000    00000000     UNINITIALIZED

.text      0    0000026c    00001896     
                  0000026c    00000274     Control.obj (.text:NotesState)
                  000004e0    000001b4     Control.obj (.text:MenuState)
                  00000694    0000013c     driverlib-cm4f.lib : sysctl.obj (.text:SysCtlClockSet)
                  000007d0    00000114     Control.obj (.text:ReadState)
                  000008e4    000000e0     main.obj (.text:main)
                  000009c4    000000cc     Control.obj (.text:LearnState)
                  00000a90    000000c8     driverlib-cm4f.lib : gpio.obj (.text:GPIOPadConfigSet)
                  00000b58    000000b4     Control.obj (.text:CntlTask)
                  00000c0c    000000b0     UART.obj (.text:UARTInit)
                  00000cbc    0000009c     Control.obj (.text:FindNextFile)
                  00000d58    0000009c     rtsv7M4_T_le_v4SPD16_eabi.lib : memcpy_t2.obj (.text)
                  00000df4    00000098     driverlib-cm4f.lib : flash.obj (.text:FlashProgram)
                  00000e8c    00000094     rtsv7M4_T_le_v4SPD16_eabi.lib : auto_init.obj (.text)
                  00000f20    00000080     Display.obj (.text:DisplayTask)
                  00000fa0    00000080     UART.obj (.text:UARTTask)
                  00001020    00000078     SPI.obj (.text:SPIInit)
                  00001098    00000070     Control.obj (.text:ChatState)
                  00001108    00000070     UART.obj (.text:UARTIntHandler)
                  00001178    0000006c     Key.obj (.text:KeyScan)
                  000011e4    00000068     Key.obj (.text:KeyTask)
                  0000124c    00000068     SPI.obj (.text:SPISendLine)
                  000012b4    00000064     driverlib-cm4f.lib : interrupt.obj (.text:IntEnable)
                  00001318    00000060     Control.obj (.text:CntlInit)
                  00001378    0000005e     rtsv7M4_T_le_v4SPD16_eabi.lib : copy_decompress_rle.obj (.text)
                  000013d6    00000002     startup_ccs.obj (.text:FaultISR)
                  000013d8    00000058     Key.obj (.text:KeyInit)
                  00001430    00000058     driverlib-cm4f.lib : sysctl.obj (.text:SysCtlPeripheralEnable)
                  00001488    00000048                        : gpio.obj (.text:GPIOPinConfigure)
                  000014d0    00000048     SPI.obj (.text:SPISendChar)
                  00001518    00000048     rtsv7M4_T_le_v4SPD16_eabi.lib : boot.obj (.text)
                  00001560    00000044     Control.obj (.text:InitTmpVars)
                  000015a4    00000044     SPI.obj (.text:SPIIntHandler)
                  000015e8    00000044     rtsv7M4_T_le_v4SPD16_eabi.lib : cpy_tbl.obj (.text)
                  0000162c    00000042     driverlib-cm4f.lib : uart.obj (.text:UARTConfigSetExpClk)
                  0000166e    00000002     startup_ccs.obj (.text:IntDefaultHandler)
                  00001670    00000040     UART.obj (.text:UARTSend)
                  000016b0    00000040     UART.obj (.text:UART_Welcome)
                  000016f0    00000040     rtsv7M4_T_le_v4SPD16_eabi.lib : exit.obj (.text)
                  00001730    0000003c     FileIO.obj (.text:FileInit)
                  0000176c    0000003c     main.obj (.text:Timer0IntHandler)
                  000017a8    00000038     Control.obj (.text:GetNextFile)
                  000017e0    00000034     Display.obj (.text:DisplayUpdate)
                  00001814    00000034     driverlib-cm4f.lib : flash.obj (.text:FlashErase)
                  00001848    00000034     Key.obj (.text:GetKey)
                  0000187c    00000030     Display.obj (.text:DisplayInit)
                  000018ac    0000002e     driverlib-cm4f.lib : gpio.obj (.text:GPIODirModeSet)
                  000018da    0000002c     Key.obj (.text:IsCntlKey)
                  00001906    00000002     startup_ccs.obj (.text:NmiSR)
                  00001908    00000028     driverlib-cm4f.lib : timer.obj (.text:TimerConfigure)
                  00001930    00000024     Display.obj (.text:DisplayAppendChar)
                  00001954    00000022     FileIO.obj (.text:FileUpdate)
                  00001976    00000002     --HOLE-- [fill = 0]
                  00001978    0000001c     driverlib-cm4f.lib : uart.obj (.text:UARTDisable)
                  00001994    0000001c     UART.obj (.text:UARTGetBuffer)
                  000019b0    00000018     rtsv7M4_T_le_v4SPD16_eabi.lib : args_main.obj (.text)
                  000019c8    00000014     driverlib-cm4f.lib : uart.obj (.text:UARTEnable)
                  000019dc    00000014     rtsv7M4_T_le_v4SPD16_eabi.lib : _lock.obj (.text)
                  000019f0    00000012     driverlib-cm4f.lib : gpio.obj (.text:GPIOPinTypeGPIOInput)
                  00001a02    00000012                        : gpio.obj (.text:GPIOPinTypeGPIOOutput)
                  00001a14    00000012                        : gpio.obj (.text:GPIOPinTypeUART)
                  00001a26    00000012                        : timer.obj (.text:TimerLoadSet)
                  00001a38    00000012     rtsv7M4_T_le_v4SPD16_eabi.lib : copy_zero_init.obj (.text:decompress:ZI)
                  00001a4a    00000002     --HOLE-- [fill = 0]
                  00001a4c    00000010     driverlib-cm4f.lib : fpu.obj (.text:FPUEnable)
                  00001a5c    00000010                        : fpu.obj (.text:FPULazyStackingEnable)
                  00001a6c    0000000e                        : timer.obj (.text:TimerEnable)
                  00001a7a    0000000e     rtsv7M4_T_le_v4SPD16_eabi.lib : copy_decompress_none.obj (.text:decompress:none)
                  00001a88    0000000c     driverlib-cm4f.lib : cpu.obj (.text:CPUcpsie)
                  00001a94    0000000a                        : gpio.obj (.text:GPIOPinRead)
                  00001a9e    0000000a                        : gpio.obj (.text:GPIOPinWrite)
                  00001aa8    0000000a                        : interrupt.obj (.text:IntMasterEnable)
                  00001ab2    0000000a                        : uart.obj (.text:UARTCharPut)
                  00001abc    0000000a                        : uart.obj (.text:UARTFIFOEnable)
                  00001ac6    0000000a                        : uart.obj (.text:UARTIntDisable)
                  00001ad0    00000008                        : timer.obj (.text:TimerIntEnable)
                  00001ad8    00000008                        : uart.obj (.text:UARTIntEnable)
                  00001ae0    00000006     startup_ccs.obj (.text:ResetISR)
                  00001ae6    00000006     driverlib-cm4f.lib : sysctl.obj (.text:SysCtlDelay)
                  00001aec    00000006                        : uart.obj (.text:UARTClockSourceSet)
                  00001af2    00000006                        : uart.obj (.text:UARTFIFOLevelSet)
                  00001af8    00000006     rtsv7M4_T_le_v4SPD16_eabi.lib : copy_decompress_rle.obj (.text:decompress:rle24)
                  00001afe    00000004     driverlib-cm4f.lib : timer.obj (.text:TimerIntClear)

.const     0    00001b04    000003f8     
                  00001b04    00000168     UART.obj (.const:menuStr)
                  00001c6c    00000100     Key.obj (.const:.string:UBrailleLookup)
                  00001d6c    00000078     driverlib-cm4f.lib : gpio.obj (.const:g_pulGPIOBaseAddrs)
                  00001de4    00000070                        : interrupt.obj (.const)
                  00001e54    00000068     Control.obj (.const:.string:learnString)
                  00001ebc    00000040     driverlib-cm4f.lib : sysctl.obj (.const)

.cinit     0    00001f00    00000038     
                  00001f00    0000000f     (.cinit..data.load) [load image, compression = rle]
                  00001f0f    00000001     --HOLE-- [fill = 0]
                  00001f10    0000000c     (__TI_handler_table)
                  00001f1c    00000004     --HOLE-- [fill = 0]
                  00001f20    00000008     (.cinit..bss.load) [load image, compression = zero_init]
                  00001f28    00000010     (__TI_cinit_table)

.bss       0    20000000    00000940     UNINITIALIZED
                  20000000    000004b0     Control.obj (.bss:fileLookupTable)
                  200004b0    00000400     Control.obj (.bss:tmpFileData)
                  200008b0    00000048     Control.obj (.bss)
                  200008f8    00000033     UART.obj (.bss)
                  2000092b    00000012     Display.obj (.bss)
                  2000093d    00000001     --HOLE--
                  2000093e    00000002     Key.obj (.bss)

.stack     0    20000940    00000400     UNINITIALIZED
                  20000940    00000400     --HOLE--

.data      0    20000d40    00000021     
                  20000d40    00000008     rtsv7M4_T_le_v4SPD16_eabi.lib : _lock.obj (.data)
                  20000d48    00000008                                   : exit.obj (.data)
                  20000d50    00000004     Control.obj (.data)
                  20000d54    00000004     rtsv7M4_T_le_v4SPD16_eabi.lib : stkdepth_vars.obj (.data)
                  20000d58    00000003     Key.obj (.data)
                  20000d5b    00000001     --HOLE--
                  20000d5c    00000001     UART.obj (.data)
                  20000d5d    00000003     --HOLE--
                  20000d60    00000001     main.obj (.data)


LINKER GENERATED COPY TABLES

__TI_cinit_table @ 00001f28 records: 2, size/record: 8, table size: 16
	.data: load addr=00001f00, load size=0000000f bytes, run addr=20000d40, run size=00000021 bytes, compression=rle
	.bss: load addr=00001f20, load size=00000008 bytes, run addr=20000000, run size=00000940 bytes, compression=zero_init


LINKER GENERATED HANDLER TABLE

__TI_handler_table @ 00001f10 records: 3, size/record: 4, table size: 12
	index: 0, handler: __TI_decompress_rle24
	index: 1, handler: __TI_decompress_none
	index: 2, handler: __TI_zero_init


GLOBAL SYMBOLS: SORTED ALPHABETICALLY BY Name 

address    name
--------   ----
20000935   BrailleBuffer
20000933   BufferIndex
000016f1   C$$EXIT
00001a89   CPUcpsie
00001319   CntlInit
00000b59   CntlTask
00001931   DisplayAppendChar
2000092b   DisplayBuffer
0000187d   DisplayInit
00000f21   DisplayTask
000017e1   DisplayUpdate
00001a4d   FPUEnable
00001a5d   FPULazyStackingEnable
00001731   FileInit
00001955   FileUpdate
00000cbd   FindNextFile
00001815   FlashErase
00000df5   FlashProgram
000018ad   GPIODirModeSet
00000a91   GPIOPadConfigSet
00001489   GPIOPinConfigure
00001a95   GPIOPinRead
000019f1   GPIOPinTypeGPIOInput
00001a03   GPIOPinTypeGPIOOutput
00001a15   GPIOPinTypeUART
00001a9f   GPIOPinWrite
00001849   GetKey
000017a9   GetNextFile
00001561   InitTmpVars
000012b5   IntEnable
00001aa9   IntMasterEnable
000018db   IsCntlKey
000013d9   KeyInit
000011e5   KeyTask
00001ae1   ResetISR
UNDEFED    SHT$$INIT_ARRAY$$Base
UNDEFED    SHT$$INIT_ARRAY$$Limit
00001021   SPIInit
000015a5   SPIIntHandler
000014d1   SPISendChar
0000124d   SPISendLine
00000695   SysCtlClockSet
00001ae7   SysCtlDelay
00001431   SysCtlPeripheralEnable
0000176d   Timer0IntHandler
00001909   TimerConfigure
00001a6d   TimerEnable
00001aff   TimerIntClear
00001ad1   TimerIntEnable
00001a27   TimerLoadSet
00001ab3   UARTCharPut
00001aed   UARTClockSourceSet
0000162d   UARTConfigSetExpClk
00001979   UARTDisable
000019c9   UARTEnable
00001abd   UARTFIFOEnable
00001af3   UARTFIFOLevelSet
00001995   UARTGetBuffer
00000c0d   UARTInit
00001ac7   UARTIntDisable
00001ad9   UARTIntEnable
00001109   UARTIntHandler
00001671   UARTSend
00000fa1   UARTTask
000016b1   UART_Welcome
00001c6c   UBrailleLookup
20000934   UpdateDisplay
20000d40   __STACK_END
00000400   __STACK_SIZE
20000a40   __STACK_TOP
00001f28   __TI_CINIT_Base
00001f38   __TI_CINIT_Limit
00001f10   __TI_Handler_Table_Base
00001f1c   __TI_Handler_Table_Limit
00000001   __TI_args_main
00000e8d   __TI_auto_init
00001a7b   __TI_decompress_none
00001af9   __TI_decompress_rle24
00000000   __TI_static_base__
00001a39   __TI_zero_init
00000d59   __aeabi_memcpy
00000d59   __aeabi_memcpy4
00000d59   __aeabi_memcpy8
ffffffff   __binit__
ffffffff   __c_args__
20000940   __stack
000019b1   _args_main
00001519   _c_int00
20000d48   _cleanup_ptr
20000d4c   _dtors_ptr
20000d40   _lock
000019eb   _nop
000019e3   _register_lock
000019dd   _register_unlock
20000d44   _unlock
000016f5   abort
ffffffff   binit
000015e9   copy_in
000016fd   exit
00000000   g_pfnVectors
000008e5   main
20000d54   main_func_sp
00000d59   memcpy
00001b04   menuStr
20000d60   tickFlag


GLOBAL SYMBOLS: SORTED BY Symbol Address 

address    name
--------   ----
00000000   __TI_static_base__
00000000   g_pfnVectors
00000001   __TI_args_main
00000400   __STACK_SIZE
00000695   SysCtlClockSet
000008e5   main
00000a91   GPIOPadConfigSet
00000b59   CntlTask
00000c0d   UARTInit
00000cbd   FindNextFile
00000d59   __aeabi_memcpy
00000d59   __aeabi_memcpy4
00000d59   __aeabi_memcpy8
00000d59   memcpy
00000df5   FlashProgram
00000e8d   __TI_auto_init
00000f21   DisplayTask
00000fa1   UARTTask
00001021   SPIInit
00001109   UARTIntHandler
000011e5   KeyTask
0000124d   SPISendLine
000012b5   IntEnable
00001319   CntlInit
000013d9   KeyInit
00001431   SysCtlPeripheralEnable
00001489   GPIOPinConfigure
000014d1   SPISendChar
00001519   _c_int00
00001561   InitTmpVars
000015a5   SPIIntHandler
000015e9   copy_in
0000162d   UARTConfigSetExpClk
00001671   UARTSend
000016b1   UART_Welcome
000016f1   C$$EXIT
000016f5   abort
000016fd   exit
00001731   FileInit
0000176d   Timer0IntHandler
000017a9   GetNextFile
000017e1   DisplayUpdate
00001815   FlashErase
00001849   GetKey
0000187d   DisplayInit
000018ad   GPIODirModeSet
000018db   IsCntlKey
00001909   TimerConfigure
00001931   DisplayAppendChar
00001955   FileUpdate
00001979   UARTDisable
00001995   UARTGetBuffer
000019b1   _args_main
000019c9   UARTEnable
000019dd   _register_unlock
000019e3   _register_lock
000019eb   _nop
000019f1   GPIOPinTypeGPIOInput
00001a03   GPIOPinTypeGPIOOutput
00001a15   GPIOPinTypeUART
00001a27   TimerLoadSet
00001a39   __TI_zero_init
00001a4d   FPUEnable
00001a5d   FPULazyStackingEnable
00001a6d   TimerEnable
00001a7b   __TI_decompress_none
00001a89   CPUcpsie
00001a95   GPIOPinRead
00001a9f   GPIOPinWrite
00001aa9   IntMasterEnable
00001ab3   UARTCharPut
00001abd   UARTFIFOEnable
00001ac7   UARTIntDisable
00001ad1   TimerIntEnable
00001ad9   UARTIntEnable
00001ae1   ResetISR
00001ae7   SysCtlDelay
00001aed   UARTClockSourceSet
00001af3   UARTFIFOLevelSet
00001af9   __TI_decompress_rle24
00001aff   TimerIntClear
00001b04   menuStr
00001c6c   UBrailleLookup
00001f10   __TI_Handler_Table_Base
00001f1c   __TI_Handler_Table_Limit
00001f28   __TI_CINIT_Base
00001f38   __TI_CINIT_Limit
2000092b   DisplayBuffer
20000933   BufferIndex
20000934   UpdateDisplay
20000935   BrailleBuffer
20000940   __stack
20000a40   __STACK_TOP
20000d40   __STACK_END
20000d40   _lock
20000d44   _unlock
20000d48   _cleanup_ptr
20000d4c   _dtors_ptr
20000d54   main_func_sp
20000d60   tickFlag
ffffffff   __binit__
ffffffff   __c_args__
ffffffff   binit
UNDEFED    SHT$$INIT_ARRAY$$Base
UNDEFED    SHT$$INIT_ARRAY$$Limit

[105 symbols]
